// Jest Snapshot v1, https://goo.gl/fbAQLP

exports[`HistoryPage render correct 1`] = `
<DocumentFragment>
  <div
    class="wrapper"
  >
    <div
      class="wrapper"
    >
      <nav
        aria-label="paginator "
        class="nav"
      >
        <ul
          class="pagination pagination-sm flex-wrap justify-content-center mb-1"
        >
          <li
            class="page-item button"
          >
            <span
              class="page-link name"
            >
              2020
            </span>
          </li>
          <li
            class="page-item button active"
          >
            <span
              class="page-link name active"
            >
              2021
            </span>
          </li>
        </ul>
      </nav>
      <nav
        aria-label="paginator "
        class="nav"
      >
        <ul
          class="pagination pagination-sm flex-wrap justify-content-center mb-1"
        >
          <li
            class="page-item button"
          >
            <span
              class="page-link name"
            >
              1
            </span>
          </li>
          <li
            class="page-item button"
          >
            <span
              class="page-link name"
            >
              2
            </span>
          </li>
          <li
            class="page-item button"
          >
            <span
              class="page-link name"
            >
              3
            </span>
          </li>
          <li
            class="page-item button"
          >
            <span
              class="page-link name"
            >
              4
            </span>
          </li>
          <li
            class="page-item button"
          >
            <span
              class="page-link name"
            >
              5
            </span>
          </li>
          <li
            class="page-item button"
          >
            <span
              class="page-link name"
            >
              6
            </span>
          </li>
          <li
            class="page-item button"
          >
            <span
              class="page-link name"
            >
              7
            </span>
          </li>
          <li
            class="page-item button"
          >
            <span
              class="page-link name"
            >
              8
            </span>
          </li>
          <li
            class="page-item button"
          >
            <span
              class="page-link name"
            >
              9
            </span>
          </li>
          <li
            class="page-item button active"
          >
            <span
              class="page-link name active"
            >
              10
            </span>
          </li>
        </ul>
      </nav>
    </div>
    <div
      class="spinner-wrapper"
    >
      <div
        class="spinner-border spinner"
        role="status"
      >
        <span
          class="visually-hidden"
        >
          Loading...
        </span>
      </div>
    </div>
  </div>
   
</DocumentFragment>
`;
