// Jest Snapshot v1, https://goo.gl/fbAQLP

exports[`AppHeader render correct 1`] = `
<DocumentFragment>
  <header
    class="header"
  >
    <h1
      class="header__pagename"
    />
    <div
      class="clock"
    >
      <time
        class="clock__date"
      >
        Вторник, 26.10.2021
      </time>
      <time
        class="clock__time"
      >
         18:59
      </time>
    </div>
    <section
      class="usermenu"
    >
      <a
        class="usermenu__username"
        href="/settings"
      >
        Аноним
      </a>
    </section>
  </header>
   
</DocumentFragment>
`;
