// Jest Snapshot v1, https://goo.gl/fbAQLP

exports[`AppHeader render correct 1`] = `
<DocumentFragment>
  <header
    class="header"
  >
    <div
      class="pagename"
    />
    <div
      class="clock"
    >
       
    </div>
    <div
      class="usermenu"
    >
      <a
        class="username"
        href="/settings"
      >
        Аноним
      </a>
    </div>
  </header>
   
</DocumentFragment>
`;
