// Jest Snapshot v1, https://goo.gl/fbAQLP

exports[`TasksListComponent render correct 1`] = `
<DocumentFragment>
  <span>
    Задачи
  </span>
  <ul
    class="list"
  >
    <span
      class="taskList__comment"
    >
      Нет новых задач
    </span>
  </ul>
  <span>
    Выполнено
  </span>
  <ul
    class="list"
  >
    <span
      class="taskList__comment"
    >
      Задачи не выполнены
    </span>
  </ul>
   
</DocumentFragment>
`;
