// Jest Snapshot v1, https://goo.gl/fbAQLP

exports[`CheckListPage render correct 1`] = `
<DocumentFragment>
  <section
    class="check-list"
  >
    <div
      class="check-list__content"
    >
      <section
        class="tasks"
      >
        <div
          class="my-4"
        >
          <form
            action="#"
          >
            <div
              class="mb-1"
            >
              <input
                autocomplete="off"
                class="form-control newTask"
                id="newTask"
                name="newTask"
                placeholder="Новая Задача"
                type="text"
                value=""
              />
            </div>
          </form>
        </div>
        <div
          class="spinner-border spinner"
          role="status"
        >
          <span
            class="visually-hidden"
          >
            Loading...
          </span>
        </div>
      </section>
      <section
        class="day-score"
      >
        <div
          class="spinner-border spinner"
          role="status"
        >
          <span
            class="visually-hidden"
          >
            Loading...
          </span>
        </div>
      </section>
    </div>
  </section>
   
</DocumentFragment>
`;
